mYXBuK7Rs14
hecEK6E31Yg
33lLkP4Cwac
Q0DBkcLoir0
3VHrysrdRD4
4wRjqz8N930
3tc_5Vm-XNY
8GpU9R16-sM
wSOLKUHpvj8
CEQS6KqNsk8
4jtRL_fwon0
eQq91jGnYvA
JbTx6VbI10A
nCPc7KmJFQk
oLCCQ_zMgCA
DA7TUaP3Td4
sokFo7Ex30Q
AQTHyG-KM7U
Aa6h8-EAV7A
VO0Kjc9c05o
cZQcyIKP4vo
cGfSME85hIM
ZVvmrf54jOk
k-fT3MLhjWE
k-fT3MLhjWE
M-HEcs2P_X8
GlagZVbcQAc
nBKnHmBMW4M
roYETTzo74Q
DjTHof5C4QQ
-G3Rwc2wnXA
G74i9m4lQdw
8GgeGRhkKVU
FBH9ZJMG25w
8BqoGRa4jiI
7KPyJzQyJq8
ZSd3HNYMsOc
7WOFWLQYHvs
BYsBMNI1c9E
O4rF0ldgx-Q
zydlxGAK5sA
ohRdp1psEkU
tJwDiAPqSw0
zIOT8_DGnHA
jrWvXxmJYEk
3JL2fXCOTdU
FCpQEhnTCvA
okavQ7e4SS4
R0MxNyGSuUc
oxGMR9WKsWc
zRfWqjzWsJg
zRfWqjzWsJg
c5BxhleDtnc
gm3DvG9CcYE
sE9s529_tkQ
XTRWUvcB2yI
_Fd1qjYZQFY
PFcGO6v6ZLY
mCjjjx67ApA
iqZ-52uXGBk
33HfKchj9OQ
wMpctJ8Deu8
Vn9tdo2UPa8
EZvtronebP4
jmMg3MFIZ7I
kmlaGhMJCMw
nndmPO1ISV4
iVf1sZGN5e8
PyqOPeks5ng
WQQv4mCPR4w
-ASniVUJILY
_1AiIS8YpRs
lFBWPcY95fA
AMRw3J8-YYg
0PAxiRO3_mI
y9JQq8lxN5Q
qaufOOYMPlk
nAOR_eRLcco
8TLqgG0RaHY
Pxgb65pAf6g
gNc6p6mf8xg
VS_X4Ljejd8
8-qserSGMWE
66yKboJLbG4
Ofv4UGpDd8U
NJCH9UBqkxs
b7T9WkINAR4
nDAaACO040M
gA1y-5wDM78
PQNDhk7YCFw
fETCa7v59JU
-R-3TA5eVlY
yv-Oqp0nD_s
Qj6yEkuT4gA
YoYUdlThqxM
18mUnMKSwM4
0bdEyQfTzbE
3rpvSAdx9EQ
43k9XqiCE-g
3jMP-bzqVNk
2Nmq-_1UkDY
mDOpKoxN1Ok
E6NJDVAsQgI
oDPHegcuUN8
gVes9vbkjjg
-sdwwnE2gYs
vfAaFGowZdE
0gAd0eaS6Mk
JV3fewp0zzI
jA_futmv1Zk
JPdCynIvabY
WOOvhlHy2Uw
Vi5K4JDx97c
NM2tNC7Dj0Y
SGJjTFHfn0k
tlK_Cl4-Z9A
PnR3UVyeIfI
ulLRLfOQZqo
VNwcCOksAD0
VFygAC8-Udk
4gLDldn1UE8
Q5ndV5edCG8
KVAWEZt-OvQ
4R9l5EtjX6k
okbt-7Oo8J4
sooepLc6AsM
xztd-IDLq6k
iKrOs6c6dM0
iKrOs6c6dM0
8BBq1nGu_l4
uDAJOnhVH6w
yaeLZjYzq4E
V0wwFoBzuDo
NB_45MX-B9k
_XEyrEoCU3o
xXn_VovGoro
wHZ_IP1t9II
5N6zBnEhNf0
lA07hbpkS7U
17K3V1wSRMw
-AOG0JsYkAE
HRv3JirEAhY
8XUH_3CJT_A
HWtSkF_owL4
QzOoeNBrfdc
eYMLB4E7J_4
7-VT9-SOhn0
VT72ataCLFs
sRW8qIHW7OE
WhHrtegFKjo
RMvhJCBvxZY
sjoJ1bxFUfk
0-cEgLAcX04
0rz4SIt7rXU
Sm7t5qIuk6Y
BQlQPCMMD-g
ZlfGhCbrzP8
rJiJLUc2lLI
oSUJ5_lHl9c
-yYEVeL2GUM
b0m0XOtxZY4
vi4KPRrk2OQ
2bevdTuyAN0
ZL7TjOojgQM
aDmpizqRUQQ
5xk5IQMTdwc
JOxLl_bJP_M
qu-M6AvG9KE
wjjdmAp6vK0
J7AmUQND36M
QbFSr7oMcjA
5GfTdCVdOtQ
dk67mcaCZEM
EIwlNa_D3Hg
eMc1Z7L4860
mRnZbs3PZPg
Anmg2-iW9H8
ph13MHuGaBE
mzQOl87-Q9o
Gi2Cv-QJIGI
bUetNfsWcZY
Br0SM_qW-lU
Yhw7WIh136s
RSUYVS0JPT8
dlLRHuqRzH8
9X4ZV0JPdTw
4U21a8RVOBE
BdIG3EHk-EI
3aNIhL1OKp0
21c8mPtgqnI
H737yd1Rqtg
JcsIOpGV2lk
nVg6goCvLes









