https://www.youtube.com/watch?v=mYXBuK7Rs14&list=PL6TsfzLhXW-EZH0qfKIhbr6rsMkXTt5co&index=1&pp=iAQB
https://www.youtube.com/watch?v=hecEK6E31Yg&list=PL6TsfzLhXW-EZH0qfKIhbr6rsMkXTt5co&index=2&pp=iAQB
https://www.youtube.com/watch?v=33lLkP4Cwac&list=PL6TsfzLhXW-EZH0qfKIhbr6rsMkXTt5co&index=3&pp=iAQB
https://www.youtube.com/watch?v=Q0DBkcLoir0&list=PL6TsfzLhXW-EZH0qfKIhbr6rsMkXTt5co&index=4&pp=iAQB
https://www.youtube.com/watch?v=3VHrysrdRD4&list=PL6TsfzLhXW-EZH0qfKIhbr6rsMkXTt5co&index=5&pp=iAQB
https://www.youtube.com/watch?v=4wRjqz8N930&list=PL6TsfzLhXW-EZH0qfKIhbr6rsMkXTt5co&index=6&pp=iAQB
https://www.youtube.com/watch?v=3tc_5Vm-XNY&list=PL6TsfzLhXW-EZH0qfKIhbr6rsMkXTt5co&index=7&pp=iAQB
https://www.youtube.com/watch?v=8GpU9R16-sM&list=PL6TsfzLhXW-EZH0qfKIhbr6rsMkXTt5co&index=8&pp=iAQB
https://www.youtube.com/watch?v=wSOLKUHpvj8&list=PL6TsfzLhXW-EZH0qfKIhbr6rsMkXTt5co&index=9&pp=iAQB
https://www.youtube.com/watch?v=CEQS6KqNsk8&list=PL6TsfzLhXW-EZH0qfKIhbr6rsMkXTt5co&index=10&pp=iAQB
https://www.youtube.com/watch?v=4jtRL_fwon0&list=PL6TsfzLhXW-EZH0qfKIhbr6rsMkXTt5co&index=11&pp=iAQB
https://www.youtube.com/watch?v=eQq91jGnYvA&list=PL6TsfzLhXW-EZH0qfKIhbr6rsMkXTt5co&index=12&pp=iAQB
https://www.youtube.com/watch?v=JbTx6VbI10A&list=PL6TsfzLhXW-EZH0qfKIhbr6rsMkXTt5co&index=13&pp=iAQB
https://www.youtube.com/watch?v=nCPc7KmJFQk&list=PL6TsfzLhXW-EZH0qfKIhbr6rsMkXTt5co&index=14&pp=iAQB
https://www.youtube.com/watch?v=oLCCQ_zMgCA&list=PL6TsfzLhXW-EZH0qfKIhbr6rsMkXTt5co&index=15&pp=iAQB
https://www.youtube.com/watch?v=DA7TUaP3Td4&list=PL6TsfzLhXW-EZH0qfKIhbr6rsMkXTt5co&index=16&pp=iAQB
https://www.youtube.com/watch?v=sokFo7Ex30Q&list=PL6TsfzLhXW-EZH0qfKIhbr6rsMkXTt5co&index=17&pp=iAQB
https://www.youtube.com/watch?v=AQTHyG-KM7U&list=PL6TsfzLhXW-EZH0qfKIhbr6rsMkXTt5co&index=18&pp=iAQB
https://www.youtube.com/watch?v=Aa6h8-EAV7A&list=PL6TsfzLhXW-EZH0qfKIhbr6rsMkXTt5co&index=19&pp=iAQB
https://www.youtube.com/watch?v=VO0Kjc9c05o&list=PL6TsfzLhXW-EZH0qfKIhbr6rsMkXTt5co&index=20&pp=iAQB
https://www.youtube.com/watch?v=cZQcyIKP4vo&list=PL6TsfzLhXW-EZH0qfKIhbr6rsMkXTt5co&index=21&pp=iAQB
https://www.youtube.com/watch?v=cGfSME85hIM&list=PL6TsfzLhXW-EZH0qfKIhbr6rsMkXTt5co&index=22&pp=iAQB
https://www.youtube.com/watch?v=ZVvmrf54jOk&list=PL6TsfzLhXW-EZH0qfKIhbr6rsMkXTt5co&index=24&pp=iAQB
https://www.youtube.com/watch?v=k-fT3MLhjWE&list=PL6TsfzLhXW-EZH0qfKIhbr6rsMkXTt5co&index=25&pp=iAQB
https://www.youtube.com/watch?v=k-fT3MLhjWE&list=PL6TsfzLhXW-EZH0qfKIhbr6rsMkXTt5co&index=25&pp=iAQB
https://www.youtube.com/watch?v=M-HEcs2P_X8&list=PL6TsfzLhXW-EZH0qfKIhbr6rsMkXTt5co&index=26&pp=iAQB
https://www.youtube.com/watch?v=GlagZVbcQAc&list=PL6TsfzLhXW-EZH0qfKIhbr6rsMkXTt5co&index=27&pp=iAQB
https://www.youtube.com/watch?v=nBKnHmBMW4M&list=PL6TsfzLhXW-EZH0qfKIhbr6rsMkXTt5co&index=28&pp=iAQB
https://www.youtube.com/watch?v=roYETTzo74Q&list=PL6TsfzLhXW-EZH0qfKIhbr6rsMkXTt5co&index=29&pp=iAQB
https://www.youtube.com/watch?v=DjTHof5C4QQ&list=PL6TsfzLhXW-EZH0qfKIhbr6rsMkXTt5co&index=30&pp=iAQB
https://www.youtube.com/watch?v=-G3Rwc2wnXA&list=PL6TsfzLhXW-EZH0qfKIhbr6rsMkXTt5co&index=31&pp=iAQB
https://www.youtube.com/watch?v=G74i9m4lQdw&list=PL6TsfzLhXW-EZH0qfKIhbr6rsMkXTt5co&index=32&pp=iAQB
https://www.youtube.com/watch?v=8GgeGRhkKVU&list=PL6TsfzLhXW-EZH0qfKIhbr6rsMkXTt5co&index=33&pp=iAQB
https://www.youtube.com/watch?v=FBH9ZJMG25w&list=PL6TsfzLhXW-EZH0qfKIhbr6rsMkXTt5co&index=34&pp=iAQB
https://www.youtube.com/watch?v=8BqoGRa4jiI&list=PL6TsfzLhXW-EZH0qfKIhbr6rsMkXTt5co&index=35&pp=iAQB
https://www.youtube.com/watch?v=7KPyJzQyJq8&list=PL6TsfzLhXW-EZH0qfKIhbr6rsMkXTt5co&index=36&pp=iAQB
https://www.youtube.com/watch?v=ZSd3HNYMsOc&list=PL6TsfzLhXW-EZH0qfKIhbr6rsMkXTt5co&index=37&pp=iAQB
https://www.youtube.com/watch?v=7WOFWLQYHvs&list=PL6TsfzLhXW-EZH0qfKIhbr6rsMkXTt5co&index=38&pp=iAQB
https://www.youtube.com/watch?v=BYsBMNI1c9E&list=PL6TsfzLhXW-EZH0qfKIhbr6rsMkXTt5co&index=39&pp=iAQB
https://www.youtube.com/watch?v=O4rF0ldgx-Q&list=PL6TsfzLhXW-EZH0qfKIhbr6rsMkXTt5co&index=40&pp=iAQB
https://www.youtube.com/watch?v=zydlxGAK5sA&list=PL6TsfzLhXW-EZH0qfKIhbr6rsMkXTt5co&index=41&pp=iAQB
https://www.youtube.com/watch?v=ohRdp1psEkU&list=PL6TsfzLhXW-EZH0qfKIhbr6rsMkXTt5co&index=43&pp=iAQB
https://www.youtube.com/watch?v=tJwDiAPqSw0&list=PL6TsfzLhXW-EZH0qfKIhbr6rsMkXTt5co&index=44&pp=iAQB
https://www.youtube.com/watch?v=zIOT8_DGnHA&list=PL6TsfzLhXW-EZH0qfKIhbr6rsMkXTt5co&index=45&pp=iAQB
https://www.youtube.com/watch?v=jrWvXxmJYEk&list=PL6TsfzLhXW-EZH0qfKIhbr6rsMkXTt5co&index=46&pp=iAQB
https://www.youtube.com/watch?v=3JL2fXCOTdU&list=PL6TsfzLhXW-EZH0qfKIhbr6rsMkXTt5co&index=47&pp=iAQB
https://www.youtube.com/watch?v=FCpQEhnTCvA&list=PL6TsfzLhXW-EZH0qfKIhbr6rsMkXTt5co&index=48&pp=iAQB
https://www.youtube.com/watch?v=okavQ7e4SS4&list=PL6TsfzLhXW-EZH0qfKIhbr6rsMkXTt5co&index=49&pp=iAQB
https://www.youtube.com/watch?v=R0MxNyGSuUc&list=PL6TsfzLhXW-EZH0qfKIhbr6rsMkXTt5co&index=50&pp=iAQB
https://www.youtube.com/watch?v=oxGMR9WKsWc&list=PL6TsfzLhXW-EZH0qfKIhbr6rsMkXTt5co&index=51&pp=iAQB
https://www.youtube.com/watch?v=zRfWqjzWsJg&list=PL6TsfzLhXW-EZH0qfKIhbr6rsMkXTt5co&index=52&pp=iAQB
https://www.youtube.com/watch?v=zRfWqjzWsJg&list=PL6TsfzLhXW-EZH0qfKIhbr6rsMkXTt5co&index=52&pp=iAQB
https://www.youtube.com/watch?v=c5BxhleDtnc&list=PL6TsfzLhXW-EZH0qfKIhbr6rsMkXTt5co&index=53&pp=iAQB
https://www.youtube.com/watch?v=gm3DvG9CcYE&list=PL6TsfzLhXW-EZH0qfKIhbr6rsMkXTt5co&index=54&pp=iAQB
https://www.youtube.com/watch?v=sE9s529_tkQ&list=PL6TsfzLhXW-EZH0qfKIhbr6rsMkXTt5co&index=55&pp=iAQB
https://www.youtube.com/watch?v=XTRWUvcB2yI&list=PL6TsfzLhXW-EZH0qfKIhbr6rsMkXTt5co&index=56&pp=iAQB
https://www.youtube.com/watch?v=_Fd1qjYZQFY&list=PL6TsfzLhXW-EZH0qfKIhbr6rsMkXTt5co&index=57&pp=iAQB
https://www.youtube.com/watch?v=PFcGO6v6ZLY&list=PL6TsfzLhXW-EZH0qfKIhbr6rsMkXTt5co&index=58&pp=iAQB
https://www.youtube.com/watch?v=mCjjjx67ApA&list=PL6TsfzLhXW-EZH0qfKIhbr6rsMkXTt5co&index=59&pp=iAQB
https://www.youtube.com/watch?v=iqZ-52uXGBk&list=PL6TsfzLhXW-EZH0qfKIhbr6rsMkXTt5co&index=60&pp=iAQB
https://www.youtube.com/watch?v=33HfKchj9OQ&list=PL6TsfzLhXW-EZH0qfKIhbr6rsMkXTt5co&index=61&pp=iAQB
https://www.youtube.com/watch?v=wMpctJ8Deu8&list=PL6TsfzLhXW-EZH0qfKIhbr6rsMkXTt5co&index=62&pp=iAQB
https://www.youtube.com/watch?v=Vn9tdo2UPa8&list=PL6TsfzLhXW-EZH0qfKIhbr6rsMkXTt5co&index=63&pp=iAQB
https://www.youtube.com/watch?v=EZvtronebP4&list=PL6TsfzLhXW-EZH0qfKIhbr6rsMkXTt5co&index=64&pp=iAQB
https://www.youtube.com/watch?v=jmMg3MFIZ7I&list=PL6TsfzLhXW-EZH0qfKIhbr6rsMkXTt5co&index=65&pp=iAQB
https://www.youtube.com/watch?v=kmlaGhMJCMw&list=PL6TsfzLhXW-EZH0qfKIhbr6rsMkXTt5co&index=66&pp=iAQB
https://www.youtube.com/watch?v=nndmPO1ISV4&list=PL6TsfzLhXW-EZH0qfKIhbr6rsMkXTt5co&index=67&pp=iAQB
https://www.youtube.com/watch?v=iVf1sZGN5e8&list=PL6TsfzLhXW-EZH0qfKIhbr6rsMkXTt5co&index=68&pp=iAQB
https://www.youtube.com/watch?v=PyqOPeks5ng&list=PL6TsfzLhXW-EZH0qfKIhbr6rsMkXTt5co&index=69&pp=iAQB
https://www.youtube.com/watch?v=WQQv4mCPR4w&list=PL6TsfzLhXW-EZH0qfKIhbr6rsMkXTt5co&index=70&pp=iAQB
https://www.youtube.com/watch?v=-ASniVUJILY&list=PL6TsfzLhXW-EZH0qfKIhbr6rsMkXTt5co&index=71&pp=iAQB
https://www.youtube.com/watch?v=_1AiIS8YpRs&list=PL6TsfzLhXW-EZH0qfKIhbr6rsMkXTt5co&index=72&pp=iAQB
https://www.youtube.com/watch?v=lFBWPcY95fA&list=PL6TsfzLhXW-EZH0qfKIhbr6rsMkXTt5co&index=73&pp=iAQB
https://www.youtube.com/watch?v=AMRw3J8-YYg&list=PL6TsfzLhXW-EZH0qfKIhbr6rsMkXTt5co&index=74&pp=iAQB
https://www.youtube.com/watch?v=0PAxiRO3_mI&list=PL6TsfzLhXW-EZH0qfKIhbr6rsMkXTt5co&index=75&pp=iAQB
https://www.youtube.com/watch?v=y9JQq8lxN5Q&list=PL6TsfzLhXW-EZH0qfKIhbr6rsMkXTt5co&index=76&pp=iAQB
https://www.youtube.com/watch?v=qaufOOYMPlk&list=PL6TsfzLhXW-EZH0qfKIhbr6rsMkXTt5co&index=77&pp=iAQB
https://www.youtube.com/watch?v=nAOR_eRLcco&list=PL6TsfzLhXW-EZH0qfKIhbr6rsMkXTt5co&index=78&pp=iAQB
https://www.youtube.com/watch?v=8TLqgG0RaHY&list=PL6TsfzLhXW-EZH0qfKIhbr6rsMkXTt5co&index=79&pp=iAQB
https://www.youtube.com/watch?v=Pxgb65pAf6g&list=PL6TsfzLhXW-EZH0qfKIhbr6rsMkXTt5co&index=80&pp=iAQB
https://www.youtube.com/watch?v=gNc6p6mf8xg&list=PL6TsfzLhXW-EZH0qfKIhbr6rsMkXTt5co&index=81&pp=iAQB
https://www.youtube.com/watch?v=VS_X4Ljejd8&list=PL6TsfzLhXW-EZH0qfKIhbr6rsMkXTt5co&index=82&pp=iAQB
https://www.youtube.com/watch?v=8-qserSGMWE&list=PL6TsfzLhXW-EZH0qfKIhbr6rsMkXTt5co&index=83&pp=iAQB
https://www.youtube.com/watch?v=66yKboJLbG4&list=PL6TsfzLhXW-EZH0qfKIhbr6rsMkXTt5co&index=84&pp=iAQB
https://www.youtube.com/watch?v=Ofv4UGpDd8U&list=PL6TsfzLhXW-EZH0qfKIhbr6rsMkXTt5co&index=85&pp=iAQB
https://www.youtube.com/watch?v=NJCH9UBqkxs&list=PL6TsfzLhXW-EZH0qfKIhbr6rsMkXTt5co&index=86&pp=iAQB
https://www.youtube.com/watch?v=b7T9WkINAR4&list=PL6TsfzLhXW-EZH0qfKIhbr6rsMkXTt5co&index=87&pp=iAQB
https://www.youtube.com/watch?v=nDAaACO040M&list=PL6TsfzLhXW-EZH0qfKIhbr6rsMkXTt5co&index=88&pp=iAQB
https://www.youtube.com/watch?v=gA1y-5wDM78&list=PL6TsfzLhXW-EZH0qfKIhbr6rsMkXTt5co&index=89&pp=iAQB
https://www.youtube.com/watch?v=PQNDhk7YCFw&list=PL6TsfzLhXW-EZH0qfKIhbr6rsMkXTt5co&index=90&pp=iAQB
https://www.youtube.com/watch?v=fETCa7v59JU&list=PL6TsfzLhXW-EZH0qfKIhbr6rsMkXTt5co&index=91&pp=iAQB
https://www.youtube.com/watch?v=-R-3TA5eVlY&list=PL6TsfzLhXW-EZH0qfKIhbr6rsMkXTt5co&index=92&pp=iAQB
https://www.youtube.com/watch?v=yv-Oqp0nD_s&list=PL6TsfzLhXW-EZH0qfKIhbr6rsMkXTt5co&index=93&pp=iAQB
https://www.youtube.com/watch?v=Qj6yEkuT4gA&list=PL6TsfzLhXW-EZH0qfKIhbr6rsMkXTt5co&index=94&pp=iAQB
https://www.youtube.com/watch?v=YoYUdlThqxM&list=PL6TsfzLhXW-EZH0qfKIhbr6rsMkXTt5co&index=95&pp=iAQB
https://www.youtube.com/watch?v=18mUnMKSwM4&list=PL6TsfzLhXW-EZH0qfKIhbr6rsMkXTt5co&index=96&pp=iAQB
https://www.youtube.com/watch?v=0bdEyQfTzbE&list=PL6TsfzLhXW-EZH0qfKIhbr6rsMkXTt5co&index=97&pp=iAQB
https://www.youtube.com/watch?v=3rpvSAdx9EQ&list=PL6TsfzLhXW-EZH0qfKIhbr6rsMkXTt5co&index=98&pp=iAQB
https://www.youtube.com/watch?v=43k9XqiCE-g&list=PL6TsfzLhXW-EZH0qfKIhbr6rsMkXTt5co&index=99&pp=iAQB
https://www.youtube.com/watch?v=3jMP-bzqVNk&list=PL6TsfzLhXW-EZH0qfKIhbr6rsMkXTt5co&index=100&pp=iAQB
https://www.youtube.com/watch?v=2Nmq-_1UkDY&list=PL6TsfzLhXW-EZH0qfKIhbr6rsMkXTt5co&index=101&pp=iAQB
https://www.youtube.com/watch?v=mDOpKoxN1Ok&list=PL6TsfzLhXW-EZH0qfKIhbr6rsMkXTt5co&index=102&pp=iAQB
https://www.youtube.com/watch?v=E6NJDVAsQgI&list=PL6TsfzLhXW-EZH0qfKIhbr6rsMkXTt5co&index=103&pp=iAQB
https://www.youtube.com/watch?v=oDPHegcuUN8&list=PL6TsfzLhXW-EZH0qfKIhbr6rsMkXTt5co&index=104&pp=iAQB
https://www.youtube.com/watch?v=gVes9vbkjjg&list=PL6TsfzLhXW-EZH0qfKIhbr6rsMkXTt5co&index=105&pp=iAQB
https://www.youtube.com/watch?v=-sdwwnE2gYs&list=PL6TsfzLhXW-EZH0qfKIhbr6rsMkXTt5co&index=106&pp=iAQB
https://www.youtube.com/watch?v=vfAaFGowZdE&list=PL6TsfzLhXW-EZH0qfKIhbr6rsMkXTt5co&index=107&pp=iAQB
https://www.youtube.com/watch?v=0gAd0eaS6Mk&list=PL6TsfzLhXW-EZH0qfKIhbr6rsMkXTt5co&index=108&pp=iAQB
https://www.youtube.com/watch?v=JV3fewp0zzI&list=PL6TsfzLhXW-EZH0qfKIhbr6rsMkXTt5co&index=109&pp=iAQB
https://www.youtube.com/watch?v=jA_futmv1Zk&list=PL6TsfzLhXW-EZH0qfKIhbr6rsMkXTt5co&index=110&pp=iAQB
https://www.youtube.com/watch?v=JPdCynIvabY&list=PL6TsfzLhXW-EZH0qfKIhbr6rsMkXTt5co&index=111&pp=iAQB
https://www.youtube.com/watch?v=WOOvhlHy2Uw&list=PL6TsfzLhXW-EZH0qfKIhbr6rsMkXTt5co&index=112&pp=iAQB
https://www.youtube.com/watch?v=Vi5K4JDx97c&list=PL6TsfzLhXW-EZH0qfKIhbr6rsMkXTt5co&index=113&pp=iAQB
https://www.youtube.com/watch?v=NM2tNC7Dj0Y&list=PL6TsfzLhXW-EZH0qfKIhbr6rsMkXTt5co&index=114&pp=iAQB
https://www.youtube.com/watch?v=SGJjTFHfn0k&list=PL6TsfzLhXW-EZH0qfKIhbr6rsMkXTt5co&index=115&pp=iAQB
https://www.youtube.com/watch?v=tlK_Cl4-Z9A&list=PL6TsfzLhXW-EZH0qfKIhbr6rsMkXTt5co&index=116&pp=iAQB
https://www.youtube.com/watch?v=PnR3UVyeIfI&list=PL6TsfzLhXW-EZH0qfKIhbr6rsMkXTt5co&index=117&pp=iAQB
https://www.youtube.com/watch?v=ulLRLfOQZqo&list=PL6TsfzLhXW-EZH0qfKIhbr6rsMkXTt5co&index=118&pp=iAQB
https://www.youtube.com/watch?v=VNwcCOksAD0&list=PL6TsfzLhXW-EZH0qfKIhbr6rsMkXTt5co&index=119&pp=iAQB
https://www.youtube.com/watch?v=VFygAC8-Udk&list=PL6TsfzLhXW-EZH0qfKIhbr6rsMkXTt5co&index=120&pp=iAQB
https://www.youtube.com/watch?v=4gLDldn1UE8&list=PL6TsfzLhXW-EZH0qfKIhbr6rsMkXTt5co&index=121&pp=iAQB
https://www.youtube.com/watch?v=Q5ndV5edCG8&list=PL6TsfzLhXW-EZH0qfKIhbr6rsMkXTt5co&index=122&pp=iAQB
https://www.youtube.com/watch?v=KVAWEZt-OvQ&list=PL6TsfzLhXW-EZH0qfKIhbr6rsMkXTt5co&index=123&pp=iAQB
https://www.youtube.com/watch?v=4R9l5EtjX6k&list=PL6TsfzLhXW-EZH0qfKIhbr6rsMkXTt5co&index=124&pp=iAQB
https://www.youtube.com/watch?v=okbt-7Oo8J4&list=PL6TsfzLhXW-EZH0qfKIhbr6rsMkXTt5co&index=125&pp=iAQB
https://www.youtube.com/watch?v=sooepLc6AsM&list=PL6TsfzLhXW-EZH0qfKIhbr6rsMkXTt5co&index=126&pp=iAQB
https://www.youtube.com/watch?v=xztd-IDLq6k&list=PL6TsfzLhXW-EZH0qfKIhbr6rsMkXTt5co&index=127&pp=iAQB
https://www.youtube.com/watch?v=iKrOs6c6dM0&list=PL6TsfzLhXW-EZH0qfKIhbr6rsMkXTt5co&index=129&pp=iAQB
https://www.youtube.com/watch?v=iKrOs6c6dM0&list=PL6TsfzLhXW-EZH0qfKIhbr6rsMkXTt5co&index=129&pp=iAQB
https://www.youtube.com/watch?v=8BBq1nGu_l4&list=PL6TsfzLhXW-EZH0qfKIhbr6rsMkXTt5co&index=130&pp=iAQB
https://www.youtube.com/watch?v=uDAJOnhVH6w&list=PL6TsfzLhXW-EZH0qfKIhbr6rsMkXTt5co&index=131&pp=iAQB
https://www.youtube.com/watch?v=yaeLZjYzq4E&list=PL6TsfzLhXW-EZH0qfKIhbr6rsMkXTt5co&index=132&pp=iAQB
https://www.youtube.com/watch?v=V0wwFoBzuDo&list=PL6TsfzLhXW-EZH0qfKIhbr6rsMkXTt5co&index=133&pp=iAQB
https://www.youtube.com/watch?v=NB_45MX-B9k&list=PL6TsfzLhXW-EZH0qfKIhbr6rsMkXTt5co&index=134&pp=iAQB
https://www.youtube.com/watch?v=_XEyrEoCU3o&list=PL6TsfzLhXW-EZH0qfKIhbr6rsMkXTt5co&index=135&pp=iAQB
https://www.youtube.com/watch?v=xXn_VovGoro&list=PL6TsfzLhXW-EZH0qfKIhbr6rsMkXTt5co&index=136&pp=iAQB
https://www.youtube.com/watch?v=wHZ_IP1t9II&list=PL6TsfzLhXW-EZH0qfKIhbr6rsMkXTt5co&index=137&pp=iAQB
https://www.youtube.com/watch?v=5N6zBnEhNf0&list=PL6TsfzLhXW-EZH0qfKIhbr6rsMkXTt5co&index=138&pp=iAQB
https://www.youtube.com/watch?v=lA07hbpkS7U&list=PL6TsfzLhXW-EZH0qfKIhbr6rsMkXTt5co&index=139&pp=iAQB
https://www.youtube.com/watch?v=17K3V1wSRMw&list=PL6TsfzLhXW-EZH0qfKIhbr6rsMkXTt5co&index=140&pp=iAQB
https://www.youtube.com/watch?v=-AOG0JsYkAE&list=PL6TsfzLhXW-EZH0qfKIhbr6rsMkXTt5co&index=141&pp=iAQB
https://www.youtube.com/watch?v=HRv3JirEAhY&list=PL6TsfzLhXW-EZH0qfKIhbr6rsMkXTt5co&index=142&pp=iAQB
https://www.youtube.com/watch?v=8XUH_3CJT_A&list=PL6TsfzLhXW-EZH0qfKIhbr6rsMkXTt5co&index=143&pp=iAQB
https://www.youtube.com/watch?v=HWtSkF_owL4&list=PL6TsfzLhXW-EZH0qfKIhbr6rsMkXTt5co&index=144&pp=iAQB
https://www.youtube.com/watch?v=QzOoeNBrfdc&list=PL6TsfzLhXW-EZH0qfKIhbr6rsMkXTt5co&index=145&pp=iAQB
https://www.youtube.com/watch?v=eYMLB4E7J_4&list=PL6TsfzLhXW-EZH0qfKIhbr6rsMkXTt5co&index=146&pp=iAQB
https://www.youtube.com/watch?v=7-VT9-SOhn0&list=PL6TsfzLhXW-EZH0qfKIhbr6rsMkXTt5co&index=147&pp=iAQB
https://www.youtube.com/watch?v=VT72ataCLFs&list=PL6TsfzLhXW-EZH0qfKIhbr6rsMkXTt5co&index=148&pp=iAQB
https://www.youtube.com/watch?v=sRW8qIHW7OE&list=PL6TsfzLhXW-EZH0qfKIhbr6rsMkXTt5co&index=149&pp=iAQB
https://www.youtube.com/watch?v=WhHrtegFKjo&list=PL6TsfzLhXW-EZH0qfKIhbr6rsMkXTt5co&index=150&pp=iAQB
https://www.youtube.com/watch?v=RMvhJCBvxZY&list=PL6TsfzLhXW-EZH0qfKIhbr6rsMkXTt5co&index=151&pp=iAQB
https://www.youtube.com/watch?v=sjoJ1bxFUfk&list=PL6TsfzLhXW-EZH0qfKIhbr6rsMkXTt5co&index=152&pp=iAQB
https://www.youtube.com/watch?v=0-cEgLAcX04&list=PL6TsfzLhXW-EZH0qfKIhbr6rsMkXTt5co&index=153&pp=iAQB
https://www.youtube.com/watch?v=0rz4SIt7rXU&list=PL6TsfzLhXW-EZH0qfKIhbr6rsMkXTt5co&index=154&pp=iAQB
https://www.youtube.com/watch?v=Sm7t5qIuk6Y&list=PL6TsfzLhXW-EZH0qfKIhbr6rsMkXTt5co&index=155&pp=iAQB
https://www.youtube.com/watch?v=BQlQPCMMD-g&list=PL6TsfzLhXW-EZH0qfKIhbr6rsMkXTt5co&index=156&pp=iAQB
https://www.youtube.com/watch?v=ZlfGhCbrzP8&list=PL6TsfzLhXW-EZH0qfKIhbr6rsMkXTt5co&index=157&pp=iAQB
https://www.youtube.com/watch?v=rJiJLUc2lLI&list=PL6TsfzLhXW-EZH0qfKIhbr6rsMkXTt5co&index=158&pp=iAQB
https://www.youtube.com/watch?v=oSUJ5_lHl9c&list=PL6TsfzLhXW-EZH0qfKIhbr6rsMkXTt5co&index=159&pp=iAQB
https://www.youtube.com/watch?v=-yYEVeL2GUM&list=PL6TsfzLhXW-EZH0qfKIhbr6rsMkXTt5co&index=160&pp=iAQB
https://www.youtube.com/watch?v=b0m0XOtxZY4&list=PL6TsfzLhXW-EZH0qfKIhbr6rsMkXTt5co&index=161&pp=iAQB
https://www.youtube.com/watch?v=vi4KPRrk2OQ&list=PL6TsfzLhXW-EZH0qfKIhbr6rsMkXTt5co&index=162&pp=iAQB
https://www.youtube.com/watch?v=2bevdTuyAN0&list=PL6TsfzLhXW-EZH0qfKIhbr6rsMkXTt5co&index=163&pp=iAQB
https://www.youtube.com/watch?v=ZL7TjOojgQM&list=PL6TsfzLhXW-EZH0qfKIhbr6rsMkXTt5co&index=164&pp=iAQB
https://www.youtube.com/watch?v=aDmpizqRUQQ&list=PL6TsfzLhXW-EZH0qfKIhbr6rsMkXTt5co&index=165&pp=iAQB
https://www.youtube.com/watch?v=5xk5IQMTdwc&list=PL6TsfzLhXW-EZH0qfKIhbr6rsMkXTt5co&index=166&pp=iAQB
https://www.youtube.com/watch?v=JOxLl_bJP_M&list=PL6TsfzLhXW-EZH0qfKIhbr6rsMkXTt5co&index=167&pp=iAQB
https://www.youtube.com/watch?v=qu-M6AvG9KE&list=PL6TsfzLhXW-EZH0qfKIhbr6rsMkXTt5co&index=168&pp=iAQB
https://www.youtube.com/watch?v=wjjdmAp6vK0&list=PL6TsfzLhXW-EZH0qfKIhbr6rsMkXTt5co&index=169&pp=iAQB
https://www.youtube.com/watch?v=J7AmUQND36M&list=PL6TsfzLhXW-EZH0qfKIhbr6rsMkXTt5co&index=170&pp=iAQB
https://www.youtube.com/watch?v=QbFSr7oMcjA&list=PL6TsfzLhXW-EZH0qfKIhbr6rsMkXTt5co&index=171&pp=iAQB
https://www.youtube.com/watch?v=5GfTdCVdOtQ&list=PL6TsfzLhXW-EZH0qfKIhbr6rsMkXTt5co&index=172&pp=iAQB
https://www.youtube.com/watch?v=dk67mcaCZEM&list=PL6TsfzLhXW-EZH0qfKIhbr6rsMkXTt5co&index=173&pp=iAQB
https://www.youtube.com/watch?v=EIwlNa_D3Hg&list=PL6TsfzLhXW-EZH0qfKIhbr6rsMkXTt5co&index=174&pp=iAQB
https://www.youtube.com/watch?v=eMc1Z7L4860&list=PL6TsfzLhXW-EZH0qfKIhbr6rsMkXTt5co&index=175&pp=iAQB
https://www.youtube.com/watch?v=mRnZbs3PZPg&list=PL6TsfzLhXW-EZH0qfKIhbr6rsMkXTt5co&index=176&pp=iAQB
https://www.youtube.com/watch?v=Anmg2-iW9H8&list=PL6TsfzLhXW-EZH0qfKIhbr6rsMkXTt5co&index=177&pp=iAQB
https://www.youtube.com/watch?v=ph13MHuGaBE&list=PL6TsfzLhXW-EZH0qfKIhbr6rsMkXTt5co&index=178&pp=iAQB
https://www.youtube.com/watch?v=mzQOl87-Q9o&list=PL6TsfzLhXW-EZH0qfKIhbr6rsMkXTt5co&index=179&pp=iAQB
https://www.youtube.com/watch?v=Gi2Cv-QJIGI&list=PL6TsfzLhXW-EZH0qfKIhbr6rsMkXTt5co&index=180&pp=iAQB
https://www.youtube.com/watch?v=bUetNfsWcZY&list=PL6TsfzLhXW-EZH0qfKIhbr6rsMkXTt5co&index=181&pp=iAQB
https://www.youtube.com/watch?v=Br0SM_qW-lU&list=PL6TsfzLhXW-EZH0qfKIhbr6rsMkXTt5co&index=182&pp=iAQB
https://www.youtube.com/watch?v=Yhw7WIh136s&list=PL6TsfzLhXW-EZH0qfKIhbr6rsMkXTt5co&index=183&pp=iAQB
https://www.youtube.com/watch?v=RSUYVS0JPT8&list=PL6TsfzLhXW-EZH0qfKIhbr6rsMkXTt5co&index=184&pp=iAQB
https://www.youtube.com/watch?v=dlLRHuqRzH8&list=PL6TsfzLhXW-EZH0qfKIhbr6rsMkXTt5co&index=185&pp=iAQB
https://www.youtube.com/watch?v=9X4ZV0JPdTw&list=PL6TsfzLhXW-EZH0qfKIhbr6rsMkXTt5co&index=186&pp=iAQB
https://www.youtube.com/watch?v=4U21a8RVOBE&list=PL6TsfzLhXW-EZH0qfKIhbr6rsMkXTt5co&index=187&pp=iAQB
https://www.youtube.com/watch?v=BdIG3EHk-EI&list=PL6TsfzLhXW-EZH0qfKIhbr6rsMkXTt5co&index=188&pp=iAQB
https://www.youtube.com/watch?v=3aNIhL1OKp0&list=PL6TsfzLhXW-EZH0qfKIhbr6rsMkXTt5co&index=189&pp=iAQB
https://www.youtube.com/watch?v=21c8mPtgqnI&list=PL6TsfzLhXW-EZH0qfKIhbr6rsMkXTt5co&index=190&pp=iAQB
https://www.youtube.com/watch?v=H737yd1Rqtg&list=PL6TsfzLhXW-EZH0qfKIhbr6rsMkXTt5co&index=191&pp=iAQB
https://www.youtube.com/watch?v=JcsIOpGV2lk&list=PL6TsfzLhXW-EZH0qfKIhbr6rsMkXTt5co&index=192&pp=iAQB
https://www.youtube.com/watch?v=nVg6goCvLes&list=PL6TsfzLhXW-EZH0qfKIhbr6rsMkXTt5co&index=193&pp=iAQB









