
https://www.youtube.com/watch?v=3tc_5Vm-XNY
https://www.youtube.com/watch?v=8GpU9R16-sM
https://www.youtube.com/watch?v=wSOLKUHpvj8
https://www.youtube.com/watch?v=CEQS6KqNsk8
https://www.youtube.com/watch?v=4jtRL_fwon0
https://www.youtube.com/watch?v=eQq91jGnYvA
https://www.youtube.com/watch?v=JbTx6VbI10A
https://www.youtube.com/watch?v=nCPc7KmJFQk
https://www.youtube.com/watch?v=oLCCQ_zMgCA
https://www.youtube.com/watch?v=DA7TUaP3Td4
https://www.youtube.com/watch?v=sokFo7Ex30Q
https://www.youtube.com/watch?v=AQTHyG-KM7U
https://www.youtube.com/watch?v=Aa6h8-EAV7A
https://www.youtube.com/watch?v=VO0Kjc9c05o
https://www.youtube.com/watch?v=cZQcyIKP4vo
https://www.youtube.com/watch?v=cGfSME85hIM
https://www.youtube.com/watch?v=L6E3Ie8DpRk
https://www.youtube.com/watch?v=ZVvmrf54jOk
https://www.youtube.com/watch?v=k-fT3MLhjWE
https://www.youtube.com/watch?v=M-HEcs2P_X8
https://www.youtube.com/watch?v=GlagZVbcQAc
https://www.youtube.com/watch?v=nBKnHmBMW4M
https://www.youtube.com/watch?v=roYETTzo74Q
https://www.youtube.com/watch?v=DjTHof5C4QQ
https://www.youtube.com/watch?v=-G3Rwc2wnXA
https://www.youtube.com/watch?v=G74i9m4lQdw
https://www.youtube.com/watch?v=8GgeGRhkKVU
https://www.youtube.com/watch?v=FBH9ZJMG25w
https://www.youtube.com/watch?v=8BqoGRa4jiI
https://www.youtube.com/watch?v=7KPyJzQyJq8
https://www.youtube.com/watch?v=ZSd3HNYMsOc
https://www.youtube.com/watch?v=7WOFWLQYHvs
https://www.youtube.com/watch?v=BYsBMNI1c9E
https://www.youtube.com/watch?v=O4rF0ldgx-Q
https://www.youtube.com/watch?v=zydlxGAK5sA
https://www.youtube.com/watch?v=ohRdp1psEkU
https://www.youtube.com/watch?v=tJwDiAPqSw0
https://www.youtube.com/watch?v=zIOT8_DGnHA
https://www.youtube.com/watch?v=jrWvXxmJYEk
https://www.youtube.com/watch?v=3JL2fXCOTdU
https://www.youtube.com/watch?v=FCpQEhnTCvA
https://www.youtube.com/watch?v=okavQ7e4SS4
https://www.youtube.com/watch?v=R0MxNyGSuUc
https://www.youtube.com/watch?v=oxGMR9WKsWc
https://www.youtube.com/watch?v=zRfWqjzWsJg
https://www.youtube.com/watch?v=zRfWqjzWsJg
https://www.youtube.com/watch?v=c5BxhleDtnc
https://www.youtube.com/watch?v=gm3DvG9CcYE
https://www.youtube.com/watch?v=sE9s529_tkQ
https://www.youtube.com/watch?v=XTRWUvcB2yI
https://www.youtube.com/watch?v=_Fd1qjYZQFY
https://www.youtube.com/watch?v=PFcGO6v6ZLY
https://www.youtube.com/watch?v=mCjjjx67ApA
https://www.youtube.com/watch?v=iqZ-52uXGBk
https://www.youtube.com/watch?v=33HfKchj9OQ
https://www.youtube.com/watch?v=wMpctJ8Deu8
https://www.youtube.com/watch?v=Vn9tdo2UPa8
https://www.youtube.com/watch?v=EZvtronebP4
https://www.youtube.com/watch?v=jmMg3MFIZ7I
https://www.youtube.com/watch?v=kmlaGhMJCMw
https://www.youtube.com/watch?v=nndmPO1ISV4
https://www.youtube.com/watch?v=iVf1sZGN5e8
https://www.youtube.com/watch?v=PyqOPeks5ng
https://www.youtube.com/watch?v=WQQv4mCPR4w
https://www.youtube.com/watch?v=-ASniVUJILY
https://www.youtube.com/watch?v=_1AiIS8YpRs
https://www.youtube.com/watch?v=lFBWPcY95fA
https://www.youtube.com/watch?v=AMRw3J8-YYg
https://www.youtube.com/watch?v=0PAxiRO3_mI
https://www.youtube.com/watch?v=y9JQq8lxN5Q
https://www.youtube.com/watch?v=qaufOOYMPlk
https://www.youtube.com/watch?v=nAOR_eRLcco
https://www.youtube.com/watch?v=8TLqgG0RaHY
https://www.youtube.com/watch?v=Pxgb65pAf6g
https://www.youtube.com/watch?v=gNc6p6mf8xg
https://www.youtube.com/watch?v=VS_X4Ljejd8
https://www.youtube.com/watch?v=8-qserSGMWE
https://www.youtube.com/watch?v=66yKboJLbG4
https://www.youtube.com/watch?v=Ofv4UGpDd8U
https://www.youtube.com/watch?v=NJCH9UBqkxs
https://www.youtube.com/watch?v=b7T9WkINAR4
https://www.youtube.com/watch?v=nDAaACO040M
https://www.youtube.com/watch?v=gA1y-5wDM78
https://www.youtube.com/watch?v=PQNDhk7YCFw
https://www.youtube.com/watch?v=fETCa7v59JU
https://www.youtube.com/watch?v=-R-3TA5eVlY
https://www.youtube.com/watch?v=yv-Oqp0nD_s
https://www.youtube.com/watch?v=Qj6yEkuT4gA
https://www.youtube.com/watch?v=YoYUdlThqxM
https://www.youtube.com/watch?v=18mUnMKSwM4
https://www.youtube.com/watch?v=0bdEyQfTzbE
https://www.youtube.com/watch?v=3rpvSAdx9EQ
https://www.youtube.com/watch?v=43k9XqiCE-g
https://www.youtube.com/watch?v=3jMP-bzqVNk
https://www.youtube.com/watch?v=2Nmq-_1UkDY
https://www.youtube.com/watch?v=mDOpKoxN1Ok
https://www.youtube.com/watch?v=E6NJDVAsQgI
https://www.youtube.com/watch?v=oDPHegcuUN8
https://www.youtube.com/watch?v=gVes9vbkjjg
https://www.youtube.com/watch?v=-sdwwnE2gYs
https://www.youtube.com/watch?v=vfAaFGowZdE
https://www.youtube.com/watch?v=0gAd0eaS6Mk
https://www.youtube.com/watch?v=JV3fewp0zzI
https://www.youtube.com/watch?v=jA_futmv1Zk
https://www.youtube.com/watch?v=JPdCynIvabY
https://www.youtube.com/watch?v=WOOvhlHy2Uw
https://www.youtube.com/watch?v=Vi5K4JDx97c
https://www.youtube.com/watch?v=NM2tNC7Dj0Y
https://www.youtube.com/watch?v=SGJjTFHfn0k
https://www.youtube.com/watch?v=tlK_Cl4-Z9A
https://www.youtube.com/watch?v=PnR3UVyeIfI
https://www.youtube.com/watch?v=ulLRLfOQZqo
https://www.youtube.com/watch?v=VNwcCOksAD0
https://www.youtube.com/watch?v=VFygAC8-Udk
https://www.youtube.com/watch?v=4gLDldn1UE8
https://www.youtube.com/watch?v=Q5ndV5edCG8
https://www.youtube.com/watch?v=KVAWEZt-OvQ
https://www.youtube.com/watch?v=4R9l5EtjX6k
https://www.youtube.com/watch?v=okbt-7Oo8J4
https://www.youtube.com/watch?v=sooepLc6AsM
https://www.youtube.com/watch?v=xztd-IDLq6k
https://www.youtube.com/watch?v=iKrOs6c6dM0
https://www.youtube.com/watch?v=iKrOs6c6dM0
https://www.youtube.com/watch?v=8BBq1nGu_l4
https://www.youtube.com/watch?v=uDAJOnhVH6w
https://www.youtube.com/watch?v=yaeLZjYzq4E
https://www.youtube.com/watch?v=V0wwFoBzuDo
https://www.youtube.com/watch?v=NB_45MX-B9k
https://www.youtube.com/watch?v=_XEyrEoCU3o
https://www.youtube.com/watch?v=xXn_VovGoro
https://www.youtube.com/watch?v=wHZ_IP1t9II
https://www.youtube.com/watch?v=5N6zBnEhNf0
https://www.youtube.com/watch?v=lA07hbpkS7U
https://www.youtube.com/watch?v=17K3V1wSRMw
https://www.youtube.com/watch?v=-AOG0JsYkAE
https://www.youtube.com/watch?v=HRv3JirEAhY
https://www.youtube.com/watch?v=8XUH_3CJT_A
https://www.youtube.com/watch?v=HWtSkF_owL4
https://www.youtube.com/watch?v=QzOoeNBrfdc
https://www.youtube.com/watch?v=eYMLB4E7J_4
https://www.youtube.com/watch?v=7-VT9-SOhn0
https://www.youtube.com/watch?v=VT72ataCLFs
https://www.youtube.com/watch?v=sRW8qIHW7OE
https://www.youtube.com/watch?v=WhHrtegFKjo
https://www.youtube.com/watch?v=RMvhJCBvxZY
https://www.youtube.com/watch?v=sjoJ1bxFUfk
https://www.youtube.com/watch?v=0-cEgLAcX04
https://www.youtube.com/watch?v=0rz4SIt7rXU
https://www.youtube.com/watch?v=Sm7t5qIuk6Y
https://www.youtube.com/watch?v=BQlQPCMMD-g
https://www.youtube.com/watch?v=ZlfGhCbrzP8
https://www.youtube.com/watch?v=rJiJLUc2lLI
https://www.youtube.com/watch?v=oSUJ5_lHl9c
https://www.youtube.com/watch?v=-yYEVeL2GUM
https://www.youtube.com/watch?v=b0m0XOtxZY4
https://www.youtube.com/watch?v=vi4KPRrk2OQ
https://www.youtube.com/watch?v=2bevdTuyAN0
https://www.youtube.com/watch?v=ZL7TjOojgQM
https://www.youtube.com/watch?v=aDmpizqRUQQ
https://www.youtube.com/watch?v=5xk5IQMTdwc
https://www.youtube.com/watch?v=JOxLl_bJP_M
https://www.youtube.com/watch?v=qu-M6AvG9KE
https://www.youtube.com/watch?v=wjjdmAp6vK0
https://www.youtube.com/watch?v=J7AmUQND36M
https://www.youtube.com/watch?v=QbFSr7oMcjA
https://www.youtube.com/watch?v=5GfTdCVdOtQ
https://www.youtube.com/watch?v=dk67mcaCZEM
https://www.youtube.com/watch?v=EIwlNa_D3Hg
https://www.youtube.com/watch?v=eMc1Z7L4860
https://www.youtube.com/watch?v=mRnZbs3PZPg
https://www.youtube.com/watch?v=Anmg2-iW9H8
https://www.youtube.com/watch?v=ph13MHuGaBE
https://www.youtube.com/watch?v=mzQOl87-Q9o
https://www.youtube.com/watch?v=Gi2Cv-QJIGI
https://www.youtube.com/watch?v=bUetNfsWcZY
https://www.youtube.com/watch?v=Br0SM_qW-lU
https://www.youtube.com/watch?v=Yhw7WIh136s
https://www.youtube.com/watch?v=RSUYVS0JPT8
https://www.youtube.com/watch?v=dlLRHuqRzH8
https://www.youtube.com/watch?v=9X4ZV0JPdTw
https://www.youtube.com/watch?v=4U21a8RVOBE
https://www.youtube.com/watch?v=BdIG3EHk-EI
https://www.youtube.com/watch?v=3aNIhL1OKp0
https://www.youtube.com/watch?v=21c8mPtgqnI
https://www.youtube.com/watch?v=H737yd1Rqtg
https://www.youtube.com/watch?v=JcsIOpGV2lk
https://www.youtube.com/watch?v=nVg6goCvLes









