nVg6goCvLes
JcsIOpGV2lk
H737yd1Rqtg
21c8mPtgqnI
3aNIhL1OKp0
BdIG3EHk-EI
4U21a8RVOBE
9X4ZV0JPdTw
dlLRHuqRzH8
RSUYVS0JPT8
Yhw7WIh136s
Br0SM_qW-lU
bUetNfsWcZY
Gi2Cv-QJIGI
mzQOl87-Q9o
ph13MHuGaBE
Anmg2-iW9H8
mRnZbs3PZPg
eMc1Z7L4860
EIwlNa_D3Hg
dk67mcaCZEM
5GfTdCVdOtQ
QbFSr7oMcjA
J7AmUQND36M
wjjdmAp6vK0
qu-M6AvG9KE
JOxLl_bJP_M
5xk5IQMTdwc
aDmpizqRUQQ
ZL7TjOojgQM
2bevdTuyAN0
vi4KPRrk2OQ
b0m0XOtxZY4
-yYEVeL2GUM
oSUJ5_lHl9c
rJiJLUc2lLI
ZlfGhCbrzP8
BQlQPCMMD-g
Sm7t5qIuk6Y
0rz4SIt7rXU
0-cEgLAcX04
sjoJ1bxFUfk
RMvhJCBvxZY
WhHrtegFKjo
sRW8qIHW7OE
VT72ataCLFs
7-VT9-SOhn0
eYMLB4E7J_4
QzOoeNBrfdc
HWtSkF_owL4
8XUH_3CJT_A
HRv3JirEAhY
-AOG0JsYkAE
17K3V1wSRMw
lA07hbpkS7U
5N6zBnEhNf0
wHZ_IP1t9II
xXn_VovGoro
_XEyrEoCU3o
NB_45MX-B9k
V0wwFoBzuDo
yaeLZjYzq4E
uDAJOnhVH6w
8BBq1nGu_l4
iKrOs6c6dM0
iKrOs6c6dM0
xztd-IDLq6k
sooepLc6AsM
okbt-7Oo8J4
4R9l5EtjX6k
KVAWEZt-OvQ
Q5ndV5edCG8
4gLDldn1UE8
VFygAC8-Udk
VNwcCOksAD0
ulLRLfOQZqo
PnR3UVyeIfI
tlK_Cl4-Z9A
SGJjTFHfn0k
NM2tNC7Dj0Y
Vi5K4JDx97c
WOOvhlHy2Uw
JPdCynIvabY
jA_futmv1Zk
JV3fewp0zzI
0gAd0eaS6Mk
vfAaFGowZdE
-sdwwnE2gYs
gVes9vbkjjg
oDPHegcuUN8
E6NJDVAsQgI
mDOpKoxN1Ok
2Nmq-_1UkDY
3jMP-bzqVNk
43k9XqiCE-g
3rpvSAdx9EQ
0bdEyQfTzbE
18mUnMKSwM4
YoYUdlThqxM
Qj6yEkuT4gA
yv-Oqp0nD_s
-R-3TA5eVlY
fETCa7v59JU
PQNDhk7YCFw
gA1y-5wDM78
nDAaACO040M
b7T9WkINAR4
NJCH9UBqkxs
Ofv4UGpDd8U
66yKboJLbG4
8-qserSGMWE
VS_X4Ljejd8
gNc6p6mf8xg
Pxgb65pAf6g
8TLqgG0RaHY
nAOR_eRLcco
qaufOOYMPlk
y9JQq8lxN5Q
0PAxiRO3_mI
AMRw3J8-YYg
lFBWPcY95fA
_1AiIS8YpRs
-ASniVUJILY
WQQv4mCPR4w
PyqOPeks5ng
iVf1sZGN5e8
nndmPO1ISV4
kmlaGhMJCMw
jmMg3MFIZ7I
EZvtronebP4
Vn9tdo2UPa8
wMpctJ8Deu8
33HfKchj9OQ
iqZ-52uXGBk
mCjjjx67ApA
PFcGO6v6ZLY
_Fd1qjYZQFY
XTRWUvcB2yI
sE9s529_tkQ
gm3DvG9CcYE
c5BxhleDtnc
zRfWqjzWsJg
zRfWqjzWsJg
oxGMR9WKsWc
R0MxNyGSuUc
okavQ7e4SS4
FCpQEhnTCvA
3JL2fXCOTdU
jrWvXxmJYEk
zIOT8_DGnHA
tJwDiAPqSw0
ohRdp1psEkU
zydlxGAK5sA
O4rF0ldgx-Q
BYsBMNI1c9E
7WOFWLQYHvs
ZSd3HNYMsOc
7KPyJzQyJq8
8BqoGRa4jiI
FBH9ZJMG25w
8GgeGRhkKVU
G74i9m4lQdw
-G3Rwc2wnXA
DjTHof5C4QQ
roYETTzo74Q
nBKnHmBMW4M
GlagZVbcQAc
M-HEcs2P_X8
k-fT3MLhjWE
ZVvmrf54jOk
L6E3Ie8DpRk
cGfSME85hIM
cZQcyIKP4vo
VO0Kjc9c05o
Aa6h8-EAV7A
AQTHyG-KM7U
sokFo7Ex30Q
DA7TUaP3Td4
oLCCQ_zMgCA
nCPc7KmJFQk
JbTx6VbI10A
eQq91jGnYvA
4jtRL_fwon0
CEQS6KqNsk8
wSOLKUHpvj8
8GpU9R16-sM
3tc_5Vm-XNY
#4wRjqz8N930
#3VHrysrdRD4
#Q0DBkcLoir0
#33lLkP4Cwac
#hecEK6E31Yg
#mYXBuK7Rs14
